--------------------------------------------------------------------------------------
Timing Analyzer Summary
--------------------------------------------------------------------------------------

Type           : Worst-case tco
Slack          : N/A
Required Time  : None
Actual Time    : 25.594 ns
From           : 74192:inst|25
To             : Q1
From Clock     : CPU
To Clock       : --
Failed Paths   : 0

Type           : Clock Setup: 'CPU'
Slack          : N/A
Required Time  : None
Actual Time    : 66.57 MHz ( period = 15.021 ns )
From           : 74192:inst|25
To             : 74192:inst|25
From Clock     : CPU
To Clock       : CPU
Failed Paths   : 0

Type           : Clock Setup: 'CPD'
Slack          : N/A
Required Time  : None
Actual Time    : 67.37 MHz ( period = 14.843 ns )
From           : 74192:inst|25
To             : 74192:inst|25
From Clock     : CPD
To Clock       : CPD
Failed Paths   : 0

Type           : Clock Hold: 'CPU'
Slack          : Not operational: Clock Skew > Data Delay
Required Time  : None
Actual Time    : N/A
From           : 74192:inst|25
To             : 74192:inst|25
From Clock     : CPU
To Clock       : CPU
Failed Paths   : 3

Type           : Clock Hold: 'CPD'
Slack          : Not operational: Clock Skew > Data Delay
Required Time  : None
Actual Time    : N/A
From           : 74192:inst|25
To             : 74192:inst|25
From Clock     : CPD
To Clock       : CPD
Failed Paths   : 3

Type           : Total number of failed paths
Slack          : 
Required Time  : 
Actual Time    : 
From           : 
To             : 
From Clock     : 
To Clock       : 
Failed Paths   : 6

--------------------------------------------------------------------------------------

