--------------------------------------------------------------------------------------
Timing Analyzer Summary
--------------------------------------------------------------------------------------

Type           : Worst-case tco
Slack          : N/A
Required Time  : None
Actual Time    : 33.947 ns
From           : exp_r_alu:U3|dr2[0]
To             : seg[1]
From Clock     : clk
To Clock       : --
Failed Paths   : 0

Type           : Clock Setup: 'clk'
Slack          : N/A
Required Time  : None
Actual Time    : 33.15 MHz ( period = 30.162 ns )
From           : exp_r_alu:U3|dr2[0]
To             : lpm_ram_io0:U2|lpm_ram_io:lpm_ram_io_component|altram:sram|altsyncram:ram_block|altsyncram_v9a1:auto_generated|ram_block1a0~porta_datain_reg1
From Clock     : clk
To Clock       : clk
Failed Paths   : 0

Type           : Total number of failed paths
Slack          : 
Required Time  : 
Actual Time    : 
From           : 
To             : 
From Clock     : 
To Clock       : 
Failed Paths   : 0

--------------------------------------------------------------------------------------

